// Jest Snapshot v1, https://goo.gl/fbAQLP

exports[`ReportsModal renders correctly 1`] = `
<div
  className="reports-modal"
>
  RAPPORTS
</div>
`;
